// Jest Snapshot v1, https://goo.gl/fbAQLP

exports[`Pruebas en <FirstApp /> debe de hacer math con el snapshot 1`] = `
<div>
  <h1
    data-testid="test-title"
  >
    Hola, soy Geralt
  </h1>
  <p>
    Subtitulo
  </p>
  <p>
    Subtitulo
  </p>
</div>
`;
